[backblue.gif]
[fade.gif]
[index.html]
[protexglass.com.pe/img/favicon.ico]
[ajax.googleapis.com/ajax/libs/jquery/1.12.4/jquery.min.js]
[protexglass.com.pe/img/logo-protex.png]
[protexglass.com.pe/img/ICONOS-WHATSAPP.png]
[protexglass.com.pe/img/ICONOS-MAIL.png]
[s2.accesoperu.com/logos/btn_whatsapp.png]
[protexglass.com.pe/img/PARABRISAS.png]
[protexglass.com.pe/img/LAMINA-DE-SEGURIDAD.jpg]
[protexglass.com.pe/img/CONTROLUV.jpg]
[protexglass.com.pe/img/nosotros.jpg]
[protexglass.com.pe/img/ASESOR.jpg]
[protexglass.com.pe/img/ICONOS-PIN.png]
[protexglass.com.pe/img/ICONOS-PHONE.png]
[protexglass.com.pe/img/ICONOS-FACEBOOK.png]
[protexglass.com.pe/js/submenu.js]
[protexglass.com.pe/js/eskju.jquery.scrollflow.js]
[protexglass.com.pe/index.html]
[protexglass.com.pe/img/index-banner.jpg]
[protexglass.com.pe/img/SLOGAN.jpg]
[protexglass.com.pe/img/FOTO-FOOTER.png]
[protexglass.com.pe/css/estilos-PROTEX.css]
[protexglass.com.pe/css/estiloscontacto.css]
[protexglass.com.pe/css/fonts/untitled-font-4.eot]
[protexglass.com.pe/css/fonts/untitled-font-4d41d.eot]
[protexglass.com.pe/css/fonts/untitled-font-4.woff]
[protexglass.com.pe/css/fonts/untitled-font-4.ttf]
[protexglass.com.pe/css/styles.css]
[protexglass.com.pe/css/animate.min.css]
[protexglass.com.pe/css/estilosmenu_submenu.css]
[protexglass.com.pe/index-2.html]
[protexglass.com.pe/nosotros.html]
[protexglass.com.pe/img/VISION.jpg]
[protexglass.com.pe/img/MISION.jpg]
[protexglass.com.pe/img/VALORES-COMPROMISO.png]
[protexglass.com.pe/img/VALORES-HONESTIDAD.png]
[protexglass.com.pe/img/VALORES-TRABAJO-EN-EQUIPO.png]
[protexglass.com.pe/img/VALORES-CALIDAD-E-INNOVACION.png]
[protexglass.com.pe/filosofia.html]
[protexglass.com.pe/img/PARABRISAS-LAMINADO.jpg]
[protexglass.com.pe/img/LATERALES-LAMINADO.jpg]
[protexglass.com.pe/parabrisas.html]
[protexglass.com.pe/img/LAMINAS-DE-SEGURIDAD.jpg]
[protexglass.com.pe/img/PROTECCION-PREMIUM.jpg]
[protexglass.com.pe/img/4MICRAS.png]
[protexglass.com.pe/img/8MICRAS.png]
[protexglass.com.pe/img/12MICRAS.png]
[protexglass.com.pe/img/PROTECCION-SQUIRLAS.jpg]
[protexglass.com.pe/img/16MICRAS.png]
[protexglass.com.pe/img/24MICRAS.png]
[protexglass.com.pe/img/36MICRAS.png]
[protexglass.com.pe/laminas-de-seguridad.html]
[protexglass.com.pe/img/CONTROL-SOLAR.jpg]
[protexglass.com.pe/img/CONTROL-SOLAR-1.png]
[protexglass.com.pe/img/CONTROL-SOLAR-2.png]
[protexglass.com.pe/img/TONALIDADES-70.png]
[protexglass.com.pe/img/TONALIDADES-50.png]
[protexglass.com.pe/img/TONALIDADES-35.png]
[protexglass.com.pe/img/TONALIDADES-20.png]
[protexglass.com.pe/img/TONALIDADES-05.png]
[protexglass.com.pe/control-solar.html]
[protexglass.com.pe/contacto.html]
[protexglass.com.pe/css/fonts/untitled-font-4.svg]
[protexglass.com.pe/css/estilos-servicios.css]
